
> better-api@1.0.0 build
> prisma generate && tsc

warn The configuration property `package.json#prisma` is deprecated and will be removed in Prisma 7. Please migrate to a Prisma config file (e.g., `prisma.config.ts`).
For more information, see: https://pris.ly/prisma-config

Environment variables loaded from .env
Prisma schema loaded from prisma/schema.prisma

✔ Generated Prisma Client (v6.16.2) to ./node_modules/@prisma/client in 326ms

Start by importing your Prisma Client (See: https://pris.ly/d/importing-client)

Tip: Want to turn off tips and other hints? https://pris.ly/tip-4-nohints

src/controllers/AdminController.ts(122,24): error TS2551: Property 'withdrawalRequest' does not exist on type 'PrismaClient<PrismaClientOptions, never, DefaultArgs>'. Did you mean 'withdrawal_requests'?
src/controllers/AdminController.ts(255,25): error TS2561: Object literal may only specify known properties, but 'wallet' does not exist in type 'UserInclude<DefaultArgs>'. Did you mean to write 'Wallet'?
src/controllers/AdminController.ts(287,21): error TS2561: Object literal may only specify known properties, but 'wallet' does not exist in type 'UserInclude<DefaultArgs>'. Did you mean to write 'Wallet'?
src/controllers/AdminController.ts(354,24): error TS2551: Property 'withdrawalRequest' does not exist on type 'PrismaClient<PrismaClientOptions, never, DefaultArgs>'. Did you mean 'withdrawal_requests'?
src/controllers/AdminController.ts(368,24): error TS2551: Property 'withdrawalRequest' does not exist on type 'PrismaClient<PrismaClientOptions, never, DefaultArgs>'. Did you mean 'withdrawal_requests'?
src/controllers/AdminController.ts(395,42): error TS2551: Property 'withdrawalRequest' does not exist on type 'Omit<PrismaClient<PrismaClientOptions, never, DefaultArgs>, "$connect" | "$disconnect" | "$on" | "$transaction" | "$extends">'. Did you mean 'withdrawal_requests'?
src/controllers/AdminController.ts(404,49): error TS2551: Property 'withdrawalRequest' does not exist on type 'Omit<PrismaClient<PrismaClientOptions, never, DefaultArgs>, "$connect" | "$disconnect" | "$on" | "$transaction" | "$extends">'. Did you mean 'withdrawal_requests'?
src/controllers/AdminController.ts(418,21): error TS2322: Type '{ type: "WITHDRAWAL"; amount: any; userId: any; status: "CONFIRMED"; provider: any; externalRef: any; notes: string; }' is not assignable to type '(Without<TransactionCreateInput, TransactionUncheckedCreateInput> & TransactionUncheckedCreateInput) | (Without<...> & TransactionCreateInput)'.
  Type '{ type: "WITHDRAWAL"; amount: any; userId: any; status: "CONFIRMED"; provider: any; externalRef: any; notes: string; }' is not assignable to type 'Without<TransactionUncheckedCreateInput, TransactionCreateInput> & TransactionCreateInput'.
    Type '{ type: "WITHDRAWAL"; amount: any; userId: any; status: "CONFIRMED"; provider: any; externalRef: any; notes: string; }' is missing the following properties from type 'TransactionCreateInput': id, internalRef, User
src/controllers/AdminController.ts(479,42): error TS2551: Property 'withdrawalRequest' does not exist on type 'Omit<PrismaClient<PrismaClientOptions, never, DefaultArgs>, "$connect" | "$disconnect" | "$on" | "$transaction" | "$extends">'. Did you mean 'withdrawal_requests'?
src/controllers/AdminController.ts(487,49): error TS2551: Property 'withdrawalRequest' does not exist on type 'Omit<PrismaClient<PrismaClientOptions, never, DefaultArgs>, "$connect" | "$disconnect" | "$on" | "$transaction" | "$extends">'. Did you mean 'withdrawal_requests'?
src/controllers/AdminController.ts(545,25): error TS2561: Object literal may only specify known properties, but 'user' does not exist in type 'AuditLogInclude<DefaultArgs>'. Did you mean to write 'User'?
src/middlewares/authMiddleware.ts(121,7): error TS2561: Object literal may only specify known properties, but 'wallet' does not exist in type 'UserSelect<DefaultArgs>'. Did you mean to write 'Wallet'?
src/middlewares/authMiddleware.ts(132,20): error TS2339: Property 'wallet' does not exist on type '{ email: string | null; password: string; name: string; phone: string; id: string; role: UserRole; createdAt: Date; lastLogin: Date | null; updatedAt: Date; isActive: boolean; ... 9 more ...; maxBetPerFight: bigint | null; }'.
src/middlewares/authMiddleware.ts(136,17): error TS2339: Property 'wallet' does not exist on type '{ email: string | null; password: string; name: string; phone: string; id: string; role: UserRole; createdAt: Date; lastLogin: Date | null; updatedAt: Date; isActive: boolean; ... 9 more ...; maxBetPerFight: bigint | null; }'.
src/middlewares/authMiddleware.ts(137,23): error TS2339: Property 'wallet' does not exist on type '{ email: string | null; password: string; name: string; phone: string; id: string; role: UserRole; createdAt: Date; lastLogin: Date | null; updatedAt: Date; isActive: boolean; ... 9 more ...; maxBetPerFight: bigint | null; }'.
src/middlewares/authMiddleware.ts(138,29): error TS2339: Property 'wallet' does not exist on type '{ email: string | null; password: string; name: string; phone: string; id: string; role: UserRole; createdAt: Date; lastLogin: Date | null; updatedAt: Date; isActive: boolean; ... 9 more ...; maxBetPerFight: bigint | null; }'.
src/middlewares/authMiddleware.ts(187,22): error TS2339: Property 'wallet' does not exist on type '{ email: string | null; password: string; name: string; phone: string; id: string; role: UserRole; createdAt: Date; lastLogin: Date | null; updatedAt: Date; isActive: boolean; ... 9 more ...; maxBetPerFight: bigint | null; } | { ...; }'.
  Property 'wallet' does not exist on type '{ email: string | null; password: string; name: string; phone: string; id: string; role: UserRole; createdAt: Date; lastLogin: Date | null; updatedAt: Date; isActive: boolean; ... 9 more ...; maxBetPerFight: bigint | null; }'.
src/middlewares/authMiddleware.ts(284,26): error TS2339: Property 'wallet' does not exist on type '{ email: string | null; password: string; name: string; phone: string; id: string; role: UserRole; createdAt: Date; lastLogin: Date | null; updatedAt: Date; isActive: boolean; ... 9 more ...; maxBetPerFight: bigint | null; } | { ...; }'.
  Property 'wallet' does not exist on type '{ email: string | null; password: string; name: string; phone: string; id: string; role: UserRole; createdAt: Date; lastLogin: Date | null; updatedAt: Date; isActive: boolean; ... 9 more ...; maxBetPerFight: bigint | null; }'.
src/repositories/AuditLogRepository.ts(33,9): error TS2322: Type '{ action: string; table: string; recordId: string | undefined; userId: string | undefined; oldData: any; newData: any; ipAddress: string | undefined; userAgent: string | undefined; createdAt: Date; }' is not assignable to type '(Without<AuditLogCreateInput, AuditLogUncheckedCreateInput> & AuditLogUncheckedCreateInput) | (Without<...> & AuditLogCreateInput)'.
  Type '{ action: string; table: string; recordId: string | undefined; userId: string | undefined; oldData: any; newData: any; ipAddress: string | undefined; userAgent: string | undefined; createdAt: Date; }' is not assignable to type 'Without<AuditLogUncheckedCreateInput, AuditLogCreateInput> & AuditLogCreateInput'.
    Type '{ action: string; table: string; recordId: string | undefined; userId: string | undefined; oldData: any; newData: any; ipAddress: string | undefined; userAgent: string | undefined; createdAt: Date; }' is not assignable to type 'Without<AuditLogUncheckedCreateInput, AuditLogCreateInput>'.
      Types of property 'userId' are incompatible.
        Type 'string | undefined' is not assignable to type 'undefined'.
          Type 'string' is not assignable to type 'undefined'.
src/repositories/AuditLogRepository.ts(59,11): error TS2561: Object literal may only specify known properties, but 'user' does not exist in type 'AuditLogInclude<DefaultArgs>'. Did you mean to write 'User'?
src/repositories/AuditLogRepository.ts(114,13): error TS2561: Object literal may only specify known properties, but 'user' does not exist in type 'AuditLogInclude<DefaultArgs>'. Did you mean to write 'User'?
src/repositories/AuditLogRepository.ts(149,11): error TS2561: Object literal may only specify known properties, but 'user' does not exist in type 'AuditLogInclude<DefaultArgs>'. Did you mean to write 'User'?
src/repositories/AuditLogRepository.ts(173,11): error TS2561: Object literal may only specify known properties, but 'user' does not exist in type 'AuditLogInclude<DefaultArgs>'. Did you mean to write 'User'?
src/repositories/AuditLogRepository.ts(205,11): error TS2561: Object literal may only specify known properties, but 'user' does not exist in type 'AuditLogInclude<DefaultArgs>'. Did you mean to write 'User'?
src/repositories/OtpCodeRepository.ts(26,9): error TS2322: Type '{ userId: string; code: string; purpose: "EMAIL_VERIFICATION" | "PASSWORD_RESET" | "PHONE_VERIFICATION" | "LOGIN"; expiresAt: Date; consumed: false; createdAt: Date; }' is not assignable to type '(Without<OtpCodeCreateInput, OtpCodeUncheckedCreateInput> & OtpCodeUncheckedCreateInput) | (Without<...> & OtpCodeCreateInput)'.
  Type '{ userId: string; code: string; purpose: "EMAIL_VERIFICATION" | "PASSWORD_RESET" | "PHONE_VERIFICATION" | "LOGIN"; expiresAt: Date; consumed: false; createdAt: Date; }' is not assignable to type 'Without<OtpCodeCreateInput, OtpCodeUncheckedCreateInput> & OtpCodeUncheckedCreateInput'.
    Property 'id' is missing in type '{ userId: string; code: string; purpose: "EMAIL_VERIFICATION" | "PASSWORD_RESET" | "PHONE_VERIFICATION" | "LOGIN"; expiresAt: Date; consumed: false; createdAt: Date; }' but required in type 'OtpCodeUncheckedCreateInput'.
src/repositories/OtpCodeRepository.ts(62,11): error TS2561: Object literal may only specify known properties, but 'user' does not exist in type 'OtpCodeInclude<DefaultArgs>'. Did you mean to write 'User'?
src/repositories/OtpCodeRepository.ts(87,11): error TS2561: Object literal may only specify known properties, but 'user' does not exist in type 'OtpCodeInclude<DefaultArgs>'. Did you mean to write 'User'?
src/repositories/OtpCodeRepository.ts(191,11): error TS2561: Object literal may only specify known properties, but 'user' does not exist in type 'OtpCodeInclude<DefaultArgs>'. Did you mean to write 'User'?
src/repositories/SessionRepository.ts(29,7): error TS2322: Type '{ userId: string; refreshToken: string; deviceType: $Enums.DeviceType; deviceName: string | undefined; deviceId: string | undefined; ipAddress: string | undefined; userAgent: string | undefined; expiresAt: Date; status: $Enums.SessionStatus; isVerified: boolean; }' is not assignable to type '(Without<SessionCreateInput, SessionUncheckedCreateInput> & SessionUncheckedCreateInput) | (Without<...> & SessionCreateInput)'.
  Type '{ userId: string; refreshToken: string; deviceType: $Enums.DeviceType; deviceName: string | undefined; deviceId: string | undefined; ipAddress: string | undefined; userAgent: string | undefined; expiresAt: Date; status: $Enums.SessionStatus; isVerified: boolean; }' is not assignable to type 'Without<SessionCreateInput, SessionUncheckedCreateInput> & SessionUncheckedCreateInput'.
    Type '{ userId: string; refreshToken: string; deviceType: DeviceType; deviceName: string | undefined; deviceId: string | undefined; ipAddress: string | undefined; userAgent: string | undefined; expiresAt: Date; status: SessionStatus; isVerified: boolean; }' is missing the following properties from type 'SessionUncheckedCreateInput': id, updatedAt
src/repositories/SessionRepository.ts(42,9): error TS2561: Object literal may only specify known properties, but 'user' does not exist in type 'SessionInclude<DefaultArgs>'. Did you mean to write 'User'?
src/repositories/SessionRepository.ts(63,9): error TS2561: Object literal may only specify known properties, but 'user' does not exist in type 'SessionInclude<DefaultArgs>'. Did you mean to write 'User'?
src/repositories/SessionRepository.ts(417,9): error TS2561: Object literal may only specify known properties, but 'user' does not exist in type 'SessionInclude<DefaultArgs>'. Did you mean to write 'User'?
src/repositories/SessionRepository.ts(543,9): error TS2561: Object literal may only specify known properties, but 'user' does not exist in type 'SessionInclude<DefaultArgs>'. Did you mean to write 'User'?
src/repositories/UserRepository.ts(47,20): error TS2561: Object literal may only specify known properties, but 'wallet' does not exist in type 'UserInclude<DefaultArgs>'. Did you mean to write 'Wallet'?
src/repositories/UserRepository.ts(49,7): error TS2322: Type '{ email: string | null; password: string; name: string; phone: string; id: string; role: UserRole; createdAt: Date; lastLogin: Date | null; updatedAt: Date; isActive: boolean; ... 9 more ...; maxBetPerFight: bigint | null; } | null' is not assignable to type '({ email: string | null; password: string; name: string; phone: string; id: string; role: UserRole; createdAt: Date; lastLogin: Date | null; updatedAt: Date; ... 10 more ...; maxBetPerFight: bigint | null; } & { ...; }) | null'.
  Type '{ email: string | null; password: string; name: string; phone: string; id: string; role: UserRole; createdAt: Date; lastLogin: Date | null; updatedAt: Date; isActive: boolean; ... 9 more ...; maxBetPerFight: bigint | null; }' is not assignable to type '{ email: string | null; password: string; name: string; phone: string; id: string; role: UserRole; createdAt: Date; lastLogin: Date | null; updatedAt: Date; isActive: boolean; ... 9 more ...; maxBetPerFight: bigint | null; } & { ...; }'.
    Property 'wallet' is missing in type '{ email: string | null; password: string; name: string; phone: string; id: string; role: UserRole; createdAt: Date; lastLogin: Date | null; updatedAt: Date; isActive: boolean; ... 9 more ...; maxBetPerFight: bigint | null; }' but required in type '{ wallet: { userId: string; id: string; createdAt: Date; updatedAt: Date; balance: bigint; lockedBalance: bigint; bonusBalance: bigint; totalDeposited: bigint; totalWithdrawn: bigint; totalWon: bigint; totalLost: bigint; } | null; }'.
src/repositories/UserRepository.ts(70,20): error TS2561: Object literal may only specify known properties, but 'wallet' does not exist in type 'UserInclude<DefaultArgs>'. Did you mean to write 'Wallet'?
src/repositories/UserRepository.ts(72,7): error TS2322: Type '{ email: string | null; password: string; name: string; phone: string; id: string; role: UserRole; createdAt: Date; lastLogin: Date | null; updatedAt: Date; isActive: boolean; ... 9 more ...; maxBetPerFight: bigint | null; } | null' is not assignable to type '({ email: string | null; password: string; name: string; phone: string; id: string; role: UserRole; createdAt: Date; lastLogin: Date | null; updatedAt: Date; ... 10 more ...; maxBetPerFight: bigint | null; } & { ...; }) | null'.
  Type '{ email: string | null; password: string; name: string; phone: string; id: string; role: UserRole; createdAt: Date; lastLogin: Date | null; updatedAt: Date; isActive: boolean; ... 9 more ...; maxBetPerFight: bigint | null; }' is not assignable to type '{ email: string | null; password: string; name: string; phone: string; id: string; role: UserRole; createdAt: Date; lastLogin: Date | null; updatedAt: Date; isActive: boolean; ... 9 more ...; maxBetPerFight: bigint | null; } & { ...; }'.
    Property 'wallet' is missing in type '{ email: string | null; password: string; name: string; phone: string; id: string; role: UserRole; createdAt: Date; lastLogin: Date | null; updatedAt: Date; isActive: boolean; ... 9 more ...; maxBetPerFight: bigint | null; }' but required in type '{ wallet: { userId: string; id: string; createdAt: Date; updatedAt: Date; balance: bigint; lockedBalance: bigint; bonusBalance: bigint; totalDeposited: bigint; totalWithdrawn: bigint; totalWon: bigint; totalLost: bigint; } | null; }'.
src/repositories/UserRepository.ts(89,9): error TS2322: Type '{ name: string; phone: string; email: string; password: string; role?: UserRole | undefined; isActive?: boolean | undefined; isEmailVerified?: boolean | undefined; }' is not assignable to type '(Without<UserCreateInput, UserUncheckedCreateInput> & UserUncheckedCreateInput) | (Without<...> & UserCreateInput)'.
  Type '{ name: string; phone: string; email: string; password: string; role?: UserRole | undefined; isActive?: boolean | undefined; isEmailVerified?: boolean | undefined; }' is not assignable to type 'Without<UserUncheckedCreateInput, UserCreateInput> & UserCreateInput'.
    Type '{ name: string; phone: string; email: string; password: string; role?: UserRole | undefined; isActive?: boolean | undefined; isEmailVerified?: boolean | undefined; }' is missing the following properties from type 'UserCreateInput': id, updatedAt
src/repositories/UserRepository.ts(108,11): error TS2322: Type '{ name: string; phone: string; email: string; password: string; }' is not assignable to type '(Without<UserCreateInput, UserUncheckedCreateInput> & UserUncheckedCreateInput) | (Without<...> & UserCreateInput)'.
  Type '{ name: string; phone: string; email: string; password: string; }' is not assignable to type 'Without<UserUncheckedCreateInput, UserCreateInput> & UserCreateInput'.
    Type '{ name: string; phone: string; email: string; password: string; }' is missing the following properties from type 'UserCreateInput': id, updatedAt
src/repositories/UserRepository.ts(113,11): error TS2322: Type '{ userId: string; balance: number; lockedBalance: number; }' is not assignable to type '(Without<WalletCreateInput, WalletUncheckedCreateInput> & WalletUncheckedCreateInput) | (Without<...> & WalletCreateInput)'.
  Type '{ userId: string; balance: number; lockedBalance: number; }' is not assignable to type 'Without<WalletCreateInput, WalletUncheckedCreateInput> & WalletUncheckedCreateInput'.
    Type '{ userId: string; balance: number; lockedBalance: number; }' is missing the following properties from type 'WalletUncheckedCreateInput': id, updatedAt
src/repositories/UserRepository.ts(183,22): error TS2561: Object literal may only specify known properties, but 'wallet' does not exist in type 'UserInclude<DefaultArgs>'. Did you mean to write 'Wallet'?
src/repositories/UserRepository.ts(189,7): error TS2322: Type '{ users: { email: string | null; password: string; name: string; phone: string; id: string; role: $Enums.UserRole; createdAt: Date; lastLogin: Date | null; updatedAt: Date; ... 10 more ...; maxBetPerFight: bigint | null; }[]; total: number; pages: number; }' is not assignable to type '{ users: ({ email: string | null; password: string; name: string; phone: string; id: string; role: UserRole; createdAt: Date; lastLogin: Date | null; updatedAt: Date; ... 10 more ...; maxBetPerFight: bigint | null; } & { ...; })[]; total: number; pages: number; }'.
  Types of property 'users' are incompatible.
    Type '{ email: string | null; password: string; name: string; phone: string; id: string; role: UserRole; createdAt: Date; lastLogin: Date | null; updatedAt: Date; isActive: boolean; ... 9 more ...; maxBetPerFight: bigint | null; }[]' is not assignable to type '({ email: string | null; password: string; name: string; phone: string; id: string; role: UserRole; createdAt: Date; lastLogin: Date | null; updatedAt: Date; isActive: boolean; ... 9 more ...; maxBetPerFight: bigint | null; } & { ...; })[]'.
      Type '{ email: string | null; password: string; name: string; phone: string; id: string; role: UserRole; createdAt: Date; lastLogin: Date | null; updatedAt: Date; isActive: boolean; ... 9 more ...; maxBetPerFight: bigint | null; }' is not assignable to type '{ email: string | null; password: string; name: string; phone: string; id: string; role: UserRole; createdAt: Date; lastLogin: Date | null; updatedAt: Date; isActive: boolean; ... 9 more ...; maxBetPerFight: bigint | null; } & { ...; }'.
        Property 'wallet' is missing in type '{ email: string | null; password: string; name: string; phone: string; id: string; role: UserRole; createdAt: Date; lastLogin: Date | null; updatedAt: Date; isActive: boolean; ... 9 more ...; maxBetPerFight: bigint | null; }' but required in type '{ wallet: { userId: string; id: string; createdAt: Date; updatedAt: Date; balance: bigint; lockedBalance: bigint; bonusBalance: bigint; totalDeposited: bigint; totalWithdrawn: bigint; totalWon: bigint; totalLost: bigint; } | null; }'.
src/repositories/UserRepository.ts(213,11): error TS2322: Type '{ email: string; password: string; name: string; phone: string; role: $Enums.UserRole; isActive: boolean; isEmailVerified: boolean; }' is not assignable to type '(Without<UserCreateInput, UserUncheckedCreateInput> & UserUncheckedCreateInput) | (Without<...> & UserCreateInput)'.
  Type '{ email: string; password: string; name: string; phone: string; role: $Enums.UserRole; isActive: boolean; isEmailVerified: boolean; }' is not assignable to type 'Without<UserUncheckedCreateInput, UserCreateInput> & UserCreateInput'.
    Type '{ email: string; password: string; name: string; phone: string; role: UserRole; isActive: boolean; isEmailVerified: boolean; }' is missing the following properties from type 'UserCreateInput': id, updatedAt
src/repositories/UserRepository.ts(226,11): error TS2322: Type '{ userId: string; balance: number; lockedBalance: number; }' is not assignable to type '(Without<WalletCreateInput, WalletUncheckedCreateInput> & WalletUncheckedCreateInput) | (Without<...> & WalletCreateInput)'.
  Type '{ userId: string; balance: number; lockedBalance: number; }' is not assignable to type 'Without<WalletCreateInput, WalletUncheckedCreateInput> & WalletUncheckedCreateInput'.
    Type '{ userId: string; balance: number; lockedBalance: number; }' is missing the following properties from type 'WalletUncheckedCreateInput': id, updatedAt
src/repositories/WalletRepository.ts(9,7): error TS2322: Type '{ userId: string; id: string; createdAt: Date; updatedAt: Date; balance: bigint; lockedBalance: bigint; bonusBalance: bigint; totalDeposited: bigint; totalWithdrawn: bigint; totalWon: bigint; totalLost: bigint; } | null' is not assignable to type '({ userId: string; id: string; createdAt: Date; updatedAt: Date; balance: bigint; lockedBalance: bigint; bonusBalance: bigint; totalDeposited: bigint; totalWithdrawn: bigint; totalWon: bigint; totalLost: bigint; } & { ...; }) | null'.
  Type '{ userId: string; id: string; createdAt: Date; updatedAt: Date; balance: bigint; lockedBalance: bigint; bonusBalance: bigint; totalDeposited: bigint; totalWithdrawn: bigint; totalWon: bigint; totalLost: bigint; }' is not assignable to type '{ userId: string; id: string; createdAt: Date; updatedAt: Date; balance: bigint; lockedBalance: bigint; bonusBalance: bigint; totalDeposited: bigint; totalWithdrawn: bigint; totalWon: bigint; totalLost: bigint; } & { ...; }'.
    Property 'user' is missing in type '{ userId: string; id: string; createdAt: Date; updatedAt: Date; balance: bigint; lockedBalance: bigint; bonusBalance: bigint; totalDeposited: bigint; totalWithdrawn: bigint; totalWon: bigint; totalLost: bigint; }' but required in type '{ user: { email: string | null; password: string; name: string; phone: string; id: string; role: UserRole; createdAt: Date; lastLogin: Date | null; updatedAt: Date; ... 10 more ...; maxBetPerFight: bigint | null; }; }'.
src/repositories/WalletRepository.ts(11,20): error TS2561: Object literal may only specify known properties, but 'user' does not exist in type 'WalletInclude<DefaultArgs>'. Did you mean to write 'User'?
src/repositories/WalletRepository.ts(35,9): error TS2322: Type '{ userId: string; balance: number | bigint; lockedBalance: number | bigint; }' is not assignable to type '(Without<WalletCreateInput, WalletUncheckedCreateInput> & WalletUncheckedCreateInput) | (Without<...> & WalletCreateInput)'.
  Type '{ userId: string; balance: number | bigint; lockedBalance: number | bigint; }' is not assignable to type 'Without<WalletCreateInput, WalletUncheckedCreateInput> & WalletUncheckedCreateInput'.
    Type '{ userId: string; balance: number | bigint; lockedBalance: number | bigint; }' is missing the following properties from type 'WalletUncheckedCreateInput': id, updatedAt
src/services/AuditService.ts(23,9): error TS2322: Type '{ action: string; table: string; recordId: string | undefined; newData: any; ipAddress: string | undefined; userAgent: string | undefined; userId: string | undefined; }' is not assignable to type '(Without<AuditLogCreateInput, AuditLogUncheckedCreateInput> & AuditLogUncheckedCreateInput) | (Without<...> & AuditLogCreateInput)'.
  Type '{ action: string; table: string; recordId: string | undefined; newData: any; ipAddress: string | undefined; userAgent: string | undefined; userId: string | undefined; }' is not assignable to type 'Without<AuditLogUncheckedCreateInput, AuditLogCreateInput> & AuditLogCreateInput'.
    Type '{ action: string; table: string; recordId: string | undefined; newData: any; ipAddress: string | undefined; userAgent: string | undefined; userId: string | undefined; }' is not assignable to type 'Without<AuditLogUncheckedCreateInput, AuditLogCreateInput>'.
      Types of property 'userId' are incompatible.
        Type 'string | undefined' is not assignable to type 'undefined'.
          Type 'string' is not assignable to type 'undefined'.
src/services/BetService.ts(55,11): error TS2353: Object literal may only specify known properties, and 'fighterA' does not exist in type 'FightInclude<DefaultArgs>'.
src/services/BetService.ts(66,18): error TS2551: Property 'dayEvent' does not exist on type '{ id: string; createdAt: Date; updatedAt: Date; status: FightStatus; title: string; description: string | null; location: string; scheduledAt: Date; startedAt: Date | null; ... 16 more ...; winner: Winner | null; }'. Did you mean 'dayEventId'?
src/services/BetService.ts(70,17): error TS2551: Property 'dayEvent' does not exist on type '{ id: string; createdAt: Date; updatedAt: Date; status: FightStatus; title: string; description: string | null; location: string; scheduledAt: Date; startedAt: Date | null; ... 16 more ...; winner: Winner | null; }'. Did you mean 'dayEventId'?
src/services/BetService.ts(79,57): error TS2551: Property 'dayEvent' does not exist on type '{ id: string; createdAt: Date; updatedAt: Date; status: FightStatus; title: string; description: string | null; location: string; scheduledAt: Date; startedAt: Date | null; ... 16 more ...; winner: Winner | null; }'. Did you mean 'dayEventId'?
src/services/BetService.ts(141,11): error TS2322: Type '{ amount: string; chosenFighter: "A" | "B"; fightId: string; creatorId: string; canCancelUntil: Date; status: "PENDING"; potentialWin: bigint; }' is not assignable to type '(Without<BetCreateInput, BetUncheckedCreateInput> & BetUncheckedCreateInput) | (Without<BetUncheckedCreateInput, BetCreateInput> & BetCreateInput)'.
  Type '{ amount: string; chosenFighter: "A" | "B"; fightId: string; creatorId: string; canCancelUntil: Date; status: "PENDING"; potentialWin: bigint; }' is not assignable to type 'Without<BetCreateInput, BetUncheckedCreateInput> & BetUncheckedCreateInput'.
    Property 'id' is missing in type '{ amount: string; chosenFighter: "A" | "B"; fightId: string; creatorId: string; canCancelUntil: Date; status: "PENDING"; potentialWin: bigint; }' but required in type 'BetUncheckedCreateInput'.
src/services/BetService.ts(151,13): error TS2353: Object literal may only specify known properties, and 'creator' does not exist in type 'BetInclude<DefaultArgs>'.
src/services/BetService.ts(191,11): error TS2322: Type '{ action: string; table: string; recordId: string; newData: string; userId: string; }' is not assignable to type '(Without<AuditLogCreateInput, AuditLogUncheckedCreateInput> & AuditLogUncheckedCreateInput) | (Without<...> & AuditLogCreateInput)'.
  Type '{ action: string; table: string; recordId: string; newData: string; userId: string; }' is not assignable to type 'Without<AuditLogCreateInput, AuditLogUncheckedCreateInput> & AuditLogUncheckedCreateInput'.
    Property 'id' is missing in type '{ action: string; table: string; recordId: string; newData: string; userId: string; }' but required in type 'AuditLogUncheckedCreateInput'.
src/services/BetService.ts(208,11): error TS2322: Type '{ userId: string; type: "BET_PLACED"; title: string; message: string; }' is not assignable to type '(Without<NotificationCreateInput, NotificationUncheckedCreateInput> & NotificationUncheckedCreateInput) | (Without<...> & NotificationCreateInput)'.
  Type '{ userId: string; type: "BET_PLACED"; title: string; message: string; }' is not assignable to type 'Without<NotificationCreateInput, NotificationUncheckedCreateInput> & NotificationUncheckedCreateInput'.
    Property 'id' is missing in type '{ userId: string; type: "BET_PLACED"; title: string; message: string; }' but required in type 'NotificationUncheckedCreateInput'.
src/services/BetService.ts(307,13): error TS2353: Object literal may only specify known properties, and 'creator' does not exist in type 'BetInclude<DefaultArgs>'.
src/services/BetService.ts(345,18): error TS2551: Property 'fight' does not exist on type '{ id: string; createdAt: Date; amount: Decimal; chosenFighter: FighterChoice; status: BetStatus; potentialWin: bigint | null; actualWin: bigint | null; ... 11 more ...; canCancelUntil: Date | null; }'. Did you mean 'fightId'?
src/services/BetService.ts(347,36): error TS2551: Property 'fight' does not exist on type '{ id: string; createdAt: Date; amount: Decimal; chosenFighter: FighterChoice; status: BetStatus; potentialWin: bigint | null; actualWin: bigint | null; ... 11 more ...; canCancelUntil: Date | null; }'. Did you mean 'fightId'?
src/services/BetService.ts(347,61): error TS2551: Property 'fight' does not exist on type '{ id: string; createdAt: Date; amount: Decimal; chosenFighter: FighterChoice; status: BetStatus; potentialWin: bigint | null; actualWin: bigint | null; ... 11 more ...; canCancelUntil: Date | null; }'. Did you mean 'fightId'?
src/services/BetService.ts(372,13): error TS2353: Object literal may only specify known properties, and 'creator' does not exist in type 'BetInclude<DefaultArgs>'.
src/services/BetService.ts(457,13): error TS2353: Object literal may only specify known properties, and 'creator' does not exist in type 'BetInclude<DefaultArgs>'.
src/services/BetService.ts(487,11): error TS2322: Type '{ userId: any; type: "BET_ACCEPTED"; title: string; message: string; }' is not assignable to type '(Without<NotificationCreateInput, NotificationUncheckedCreateInput> & NotificationUncheckedCreateInput) | (Without<...> & NotificationCreateInput)'.
  Type '{ userId: any; type: "BET_ACCEPTED"; title: string; message: string; }' is not assignable to type 'Without<NotificationUncheckedCreateInput, NotificationCreateInput> & NotificationCreateInput'.
    Type '{ userId: any; type: "BET_ACCEPTED"; title: string; message: string; }' is missing the following properties from type 'NotificationCreateInput': id, User
src/services/BetService.ts(491,36): error TS2551: Property 'acceptor' does not exist on type '{ id: string; createdAt: Date; amount: Decimal; chosenFighter: FighterChoice; status: BetStatus; potentialWin: bigint | null; actualWin: bigint | null; ... 11 more ...; canCancelUntil: Date | null; }'. Did you mean 'acceptorId'?
src/services/BetService.ts(495,63): error TS2551: Property 'acceptor' does not exist on type '{ id: string; createdAt: Date; amount: Decimal; chosenFighter: FighterChoice; status: BetStatus; potentialWin: bigint | null; actualWin: bigint | null; ... 11 more ...; canCancelUntil: Date | null; }'. Did you mean 'acceptorId'?
src/services/BetService.ts(506,11): error TS2322: Type '{ userId: string; type: "BET_ACCEPTED"; title: string; message: string; }' is not assignable to type '(Without<NotificationCreateInput, NotificationUncheckedCreateInput> & NotificationUncheckedCreateInput) | (Without<...> & NotificationCreateInput)'.
  Type '{ userId: string; type: "BET_ACCEPTED"; title: string; message: string; }' is not assignable to type 'Without<NotificationCreateInput, NotificationUncheckedCreateInput> & NotificationUncheckedCreateInput'.
    Property 'id' is missing in type '{ userId: string; type: "BET_ACCEPTED"; title: string; message: string; }' but required in type 'NotificationUncheckedCreateInput'.
src/services/BetService.ts(557,13): error TS2353: Object literal may only specify known properties, and 'creator' does not exist in type 'BetInclude<DefaultArgs>'.
src/services/BetService.ts(592,36): error TS2551: Property 'fight' does not exist on type '{ id: string; createdAt: Date; amount: Decimal; chosenFighter: FighterChoice; status: BetStatus; potentialWin: bigint | null; actualWin: bigint | null; ... 11 more ...; canCancelUntil: Date | null; }'. Did you mean 'fightId'?
src/services/BetService.ts(592,61): error TS2551: Property 'fight' does not exist on type '{ id: string; createdAt: Date; amount: Decimal; chosenFighter: FighterChoice; status: BetStatus; potentialWin: bigint | null; actualWin: bigint | null; ... 11 more ...; canCancelUntil: Date | null; }'. Did you mean 'fightId'?
src/services/BetService.ts(626,13): error TS2353: Object literal may only specify known properties, and 'creator' does not exist in type 'BetInclude<DefaultArgs>'.
src/services/BetService.ts(637,17): error TS2551: Property 'fight' does not exist on type '{ id: string; createdAt: Date; amount: Decimal; chosenFighter: FighterChoice; status: BetStatus; potentialWin: bigint | null; actualWin: bigint | null; ... 11 more ...; canCancelUntil: Date | null; }'. Did you mean 'fightId'?
src/services/BetService.ts(640,30): error TS2551: Property 'fight' does not exist on type '{ id: string; createdAt: Date; amount: Decimal; chosenFighter: FighterChoice; status: BetStatus; potentialWin: bigint | null; actualWin: bigint | null; ... 11 more ...; canCancelUntil: Date | null; }'. Did you mean 'fightId'?
src/services/BetService.ts(668,11): error TS2353: Object literal may only specify known properties, and 'creator' does not exist in type 'BetInclude<DefaultArgs>'.
src/services/BetService.ts(684,13): error TS2322: Type '{ type: "BET_REFUND"; amount: bigint; userId: string; status: "CONFIRMED"; notes: string; }' is not assignable to type '(Without<TransactionCreateInput, TransactionUncheckedCreateInput> & TransactionUncheckedCreateInput) | (Without<...> & TransactionCreateInput)'.
  Type '{ type: "BET_REFUND"; amount: bigint; userId: string; status: "CONFIRMED"; notes: string; }' is not assignable to type 'Without<TransactionCreateInput, TransactionUncheckedCreateInput> & TransactionUncheckedCreateInput'.
    Type '{ type: "BET_REFUND"; amount: bigint; userId: string; status: "CONFIRMED"; notes: string; }' is missing the following properties from type 'TransactionUncheckedCreateInput': id, internalRef
src/services/BetService.ts(693,13): error TS2322: Type '{ type: "BET_REFUND"; amount: bigint; userId: string; status: "CONFIRMED"; notes: string; }' is not assignable to type '(Without<TransactionCreateInput, TransactionUncheckedCreateInput> & TransactionUncheckedCreateInput) | (Without<...> & TransactionCreateInput)'.
  Type '{ type: "BET_REFUND"; amount: bigint; userId: string; status: "CONFIRMED"; notes: string; }' is not assignable to type 'Without<TransactionCreateInput, TransactionUncheckedCreateInput> & TransactionUncheckedCreateInput'.
    Type '{ type: "BET_REFUND"; amount: bigint; userId: string; status: "CONFIRMED"; notes: string; }' is missing the following properties from type 'TransactionUncheckedCreateInput': id, internalRef
src/services/BetService.ts(707,9): error TS2322: Type '{ userId: string; type: any; title: string; message: string; }' is not assignable to type '(Without<NotificationCreateInput, NotificationUncheckedCreateInput> & NotificationUncheckedCreateInput) | (Without<...> & NotificationCreateInput)'.
  Type '{ userId: string; type: any; title: string; message: string; }' is not assignable to type 'Without<NotificationCreateInput, NotificationUncheckedCreateInput> & NotificationUncheckedCreateInput'.
    Property 'id' is missing in type '{ userId: string; type: any; title: string; message: string; }' but required in type 'NotificationUncheckedCreateInput'.
src/services/BetService.ts(711,65): error TS2551: Property 'fight' does not exist on type '{ id: string; createdAt: Date; amount: Decimal; chosenFighter: FighterChoice; status: BetStatus; potentialWin: bigint | null; actualWin: bigint | null; ... 11 more ...; canCancelUntil: Date | null; }'. Did you mean 'fightId'?
src/services/BetService.ts(716,11): error TS2322: Type '{ userId: string; type: any; title: string; message: string; }' is not assignable to type '(Without<NotificationCreateInput, NotificationUncheckedCreateInput> & NotificationUncheckedCreateInput) | (Without<...> & NotificationCreateInput)'.
  Type '{ userId: string; type: any; title: string; message: string; }' is not assignable to type 'Without<NotificationCreateInput, NotificationUncheckedCreateInput> & NotificationUncheckedCreateInput'.
    Property 'id' is missing in type '{ userId: string; type: any; title: string; message: string; }' but required in type 'NotificationUncheckedCreateInput'.
src/services/BetService.ts(720,64): error TS2551: Property 'fight' does not exist on type '{ id: string; createdAt: Date; amount: Decimal; chosenFighter: FighterChoice; status: BetStatus; potentialWin: bigint | null; actualWin: bigint | null; ... 11 more ...; canCancelUntil: Date | null; }'. Did you mean 'fightId'?
src/services/BetService.ts(770,13): error TS2353: Object literal may only specify known properties, and 'creator' does not exist in type 'BetInclude<DefaultArgs>'.
src/services/BetService.ts(879,13): error TS2322: Type '{ type: "BET_WIN"; amount: bigint; userId: string; status: "CONFIRMED"; notes: string; }' is not assignable to type '(Without<TransactionCreateInput, TransactionUncheckedCreateInput> & TransactionUncheckedCreateInput) | (Without<...> & TransactionCreateInput)'.
  Type '{ type: "BET_WIN"; amount: bigint; userId: string; status: "CONFIRMED"; notes: string; }' is not assignable to type 'Without<TransactionCreateInput, TransactionUncheckedCreateInput> & TransactionUncheckedCreateInput'.
    Type '{ type: "BET_WIN"; amount: bigint; userId: string; status: "CONFIRMED"; notes: string; }' is missing the following properties from type 'TransactionUncheckedCreateInput': id, internalRef
src/services/BetService.ts(905,13): error TS2322: Type '{ transactionId: string; type: "BET"; amount: bigint; betId: string; }' is not assignable to type '(Without<CommissionCreateInput, CommissionUncheckedCreateInput> & CommissionUncheckedCreateInput) | (Without<...> & CommissionCreateInput)'.
  Type '{ transactionId: string; type: "BET"; amount: bigint; betId: string; }' is not assignable to type 'Without<CommissionCreateInput, CommissionUncheckedCreateInput> & CommissionUncheckedCreateInput'.
    Property 'id' is missing in type '{ transactionId: string; type: "BET"; amount: bigint; betId: string; }' but required in type 'CommissionUncheckedCreateInput'.
src/services/BetService.ts(935,11): error TS2353: Object literal may only specify known properties, and 'creator' does not exist in type 'BetInclude<DefaultArgs>'.
src/services/BetService.ts(953,13): error TS2322: Type '{ type: "BET_REFUND"; amount: bigint; userId: string; status: "CONFIRMED"; notes: string; }' is not assignable to type '(Without<TransactionCreateInput, TransactionUncheckedCreateInput> & TransactionUncheckedCreateInput) | (Without<...> & TransactionCreateInput)'.
  Type '{ type: "BET_REFUND"; amount: bigint; userId: string; status: "CONFIRMED"; notes: string; }' is not assignable to type 'Without<TransactionCreateInput, TransactionUncheckedCreateInput> & TransactionUncheckedCreateInput'.
    Type '{ type: "BET_REFUND"; amount: bigint; userId: string; status: "CONFIRMED"; notes: string; }' is missing the following properties from type 'TransactionUncheckedCreateInput': id, internalRef
src/services/BetService.ts(962,13): error TS2322: Type '{ type: "BET_REFUND"; amount: bigint; userId: string; status: "CONFIRMED"; notes: string; }' is not assignable to type '(Without<TransactionCreateInput, TransactionUncheckedCreateInput> & TransactionUncheckedCreateInput) | (Without<...> & TransactionCreateInput)'.
  Type '{ type: "BET_REFUND"; amount: bigint; userId: string; status: "CONFIRMED"; notes: string; }' is not assignable to type 'Without<TransactionCreateInput, TransactionUncheckedCreateInput> & TransactionUncheckedCreateInput'.
    Type '{ type: "BET_REFUND"; amount: bigint; userId: string; status: "CONFIRMED"; notes: string; }' is missing the following properties from type 'TransactionUncheckedCreateInput': id, internalRef
src/services/BetService.ts(975,13): error TS2322: Type '{ userId: string; type: "BET_REFUNDED"; title: string; message: string; }' is not assignable to type '(Without<NotificationCreateInput, NotificationUncheckedCreateInput> & NotificationUncheckedCreateInput) | (Without<...> & NotificationCreateInput)'.
  Type '{ userId: string; type: "BET_REFUNDED"; title: string; message: string; }' is not assignable to type 'Without<NotificationCreateInput, NotificationUncheckedCreateInput> & NotificationUncheckedCreateInput'.
    Property 'id' is missing in type '{ userId: string; type: "BET_REFUNDED"; title: string; message: string; }' but required in type 'NotificationUncheckedCreateInput'.
src/services/BetService.ts(983,13): error TS2322: Type '{ userId: string; type: "BET_REFUNDED"; title: string; message: string; }' is not assignable to type '(Without<NotificationCreateInput, NotificationUncheckedCreateInput> & NotificationUncheckedCreateInput) | (Without<...> & NotificationCreateInput)'.
  Type '{ userId: string; type: "BET_REFUNDED"; title: string; message: string; }' is not assignable to type 'Without<NotificationCreateInput, NotificationUncheckedCreateInput> & NotificationUncheckedCreateInput'.
    Property 'id' is missing in type '{ userId: string; type: "BET_REFUNDED"; title: string; message: string; }' but required in type 'NotificationUncheckedCreateInput'.
src/services/BetService.ts(1005,13): error TS2322: Type '{ userId: string; type: "BET_WON"; title: string; message: string; }' is not assignable to type '(Without<NotificationCreateInput, NotificationUncheckedCreateInput> & NotificationUncheckedCreateInput) | (Without<...> & NotificationCreateInput)'.
  Type '{ userId: string; type: "BET_WON"; title: string; message: string; }' is not assignable to type 'Without<NotificationCreateInput, NotificationUncheckedCreateInput> & NotificationUncheckedCreateInput'.
    Property 'id' is missing in type '{ userId: string; type: "BET_WON"; title: string; message: string; }' but required in type 'NotificationUncheckedCreateInput'.
src/services/BetService.ts(1013,13): error TS2322: Type '{ userId: string; type: "BET_LOST"; title: string; message: string; }' is not assignable to type '(Without<NotificationCreateInput, NotificationUncheckedCreateInput> & NotificationUncheckedCreateInput) | (Without<...> & NotificationCreateInput)'.
  Type '{ userId: string; type: "BET_LOST"; title: string; message: string; }' is not assignable to type 'Without<NotificationCreateInput, NotificationUncheckedCreateInput> & NotificationUncheckedCreateInput'.
    Property 'id' is missing in type '{ userId: string; type: "BET_LOST"; title: string; message: string; }' but required in type 'NotificationUncheckedCreateInput'.
src/services/BetService.ts(1064,11): error TS2353: Object literal may only specify known properties, and 'creator' does not exist in type 'BetInclude<DefaultArgs>'.
src/services/BetService.ts(1143,13): error TS2353: Object literal may only specify known properties, and 'creator' does not exist in type 'BetInclude<DefaultArgs>'.
src/services/BetService.ts(1190,11): error TS2561: Object literal may only specify known properties, but 'fight' does not exist in type 'BetWhereInput'. Did you mean to write 'Fight'?
src/services/BetService.ts(1198,11): error TS2353: Object literal may only specify known properties, and 'creator' does not exist in type 'BetInclude<DefaultArgs>'.
src/services/BetService.ts(1227,13): error TS2353: Object literal may only specify known properties, and 'creator' does not exist in type 'BetInclude<DefaultArgs>'.
src/services/BetService.ts(1255,13): error TS2353: Object literal may only specify known properties, and 'creator' does not exist in type 'BetInclude<DefaultArgs>'.
src/services/BetService.ts(1305,11): error TS2561: Object literal may only specify known properties, but 'fight' does not exist in type 'BetWhereInput'. Did you mean to write 'Fight'?
src/services/BetService.ts(1313,11): error TS2353: Object literal may only specify known properties, and 'creator' does not exist in type 'BetInclude<DefaultArgs>'.
src/services/BetService.ts(1375,15): error TS2561: Object literal may only specify known properties, but 'dayEvent' does not exist in type 'FightWhereInput'. Did you mean to write 'DayEvent'?
src/services/BetService.ts(1382,11): error TS2561: Object literal may only specify known properties, but 'dayEvent' does not exist in type 'FightInclude<DefaultArgs>'. Did you mean to write 'DayEvent'?
src/services/BetService.ts(1394,33): error TS2339: Property 'bets' does not exist on type '{ id: string; createdAt: Date; updatedAt: Date; status: FightStatus; title: string; description: string | null; location: string; scheduledAt: Date; startedAt: Date | null; ... 16 more ...; winner: Winner | null; }'.
src/services/BetService.ts(1422,13): error TS2322: Type '{ userId: any; type: "BET_REFUNDED"; title: string; message: string; }' is not assignable to type '(Without<NotificationCreateInput, NotificationUncheckedCreateInput> & NotificationUncheckedCreateInput) | (Without<...> & NotificationCreateInput)'.
  Type '{ userId: any; type: "BET_REFUNDED"; title: string; message: string; }' is not assignable to type 'Without<NotificationUncheckedCreateInput, NotificationCreateInput> & NotificationCreateInput'.
    Type '{ userId: any; type: "BET_REFUNDED"; title: string; message: string; }' is missing the following properties from type 'NotificationCreateInput': id, User
src/services/BetService.ts(1426,49): error TS2551: Property 'dayEvent' does not exist on type '{ id: string; createdAt: Date; updatedAt: Date; status: FightStatus; title: string; description: string | null; location: string; scheduledAt: Date; startedAt: Date | null; ... 16 more ...; winner: Winner | null; }'. Did you mean 'dayEventId'?
src/services/CleanupService.ts(60,9): error TS2353: Object literal may only specify known properties, and 'creator' does not exist in type 'BetInclude<DefaultArgs>'.
src/services/CleanupService.ts(100,9): error TS2561: Object literal may only specify known properties, but 'bets' does not exist in type 'FightInclude<DefaultArgs>'. Did you mean to write 'Bet'?
src/services/CleanupService.ts(111,31): error TS2339: Property 'bets' does not exist on type '{ id: string; createdAt: Date; updatedAt: Date; status: FightStatus; title: string; description: string | null; location: string; scheduledAt: Date; startedAt: Date | null; ... 16 more ...; winner: Winner | null; }'.
src/services/CleanupService.ts(130,11): error TS2322: Type '{ userId: any; type: "BET_REFUNDED"; title: string; message: string; }' is not assignable to type '(Without<NotificationCreateInput, NotificationUncheckedCreateInput> & NotificationUncheckedCreateInput) | (Without<...> & NotificationCreateInput)'.
  Type '{ userId: any; type: "BET_REFUNDED"; title: string; message: string; }' is not assignable to type 'Without<NotificationUncheckedCreateInput, NotificationCreateInput> & NotificationCreateInput'.
    Type '{ userId: any; type: "BET_REFUNDED"; title: string; message: string; }' is missing the following properties from type 'NotificationCreateInput': id, User
src/services/CronService.ts(49,17): error TS2561: Object literal may only specify known properties, but 'fight' does not exist in type 'BetWhereInput'. Did you mean to write 'Fight'?
src/services/CronService.ts(56,17): error TS2561: Object literal may only specify known properties, but 'fight' does not exist in type 'BetInclude<DefaultArgs>'. Did you mean to write 'Fight'?
src/services/CronService.ts(98,17): error TS2322: Type '{ type: "BET_REFUND"; amount: number; userId: string; status: "CONFIRMED"; notes: string; }' is not assignable to type '(Without<TransactionCreateInput, TransactionUncheckedCreateInput> & TransactionUncheckedCreateInput) | (Without<...> & TransactionCreateInput)'.
  Type '{ type: "BET_REFUND"; amount: number; userId: string; status: "CONFIRMED"; notes: string; }' is not assignable to type 'Without<TransactionCreateInput, TransactionUncheckedCreateInput> & TransactionUncheckedCreateInput'.
    Type '{ type: "BET_REFUND"; amount: number; userId: string; status: "CONFIRMED"; notes: string; }' is missing the following properties from type 'TransactionUncheckedCreateInput': id, internalRef
src/services/EmailVerificationService.ts(76,9): error TS2322: Type '{ code: string; purpose: string; expiresAt: Date; consumed: false; userId: string; }' is not assignable to type '(Without<OtpCodeCreateInput, OtpCodeUncheckedCreateInput> & OtpCodeUncheckedCreateInput) | (Without<...> & OtpCodeCreateInput)'.
  Type '{ code: string; purpose: string; expiresAt: Date; consumed: false; userId: string; }' is not assignable to type 'Without<OtpCodeCreateInput, OtpCodeUncheckedCreateInput> & OtpCodeUncheckedCreateInput'.
    Property 'id' is missing in type '{ code: string; purpose: string; expiresAt: Date; consumed: false; userId: string; }' but required in type 'OtpCodeUncheckedCreateInput'.
src/services/FightService.ts(85,9): error TS2322: Type '{ code: string; purpose: string; expiresAt: Date; userId: string; }' is not assignable to type '(Without<OtpCodeCreateInput, OtpCodeUncheckedCreateInput> & OtpCodeUncheckedCreateInput) | (Without<...> & OtpCodeCreateInput)'.
  Type '{ code: string; purpose: string; expiresAt: Date; userId: string; }' is not assignable to type 'Without<OtpCodeCreateInput, OtpCodeUncheckedCreateInput> & OtpCodeUncheckedCreateInput'.
    Property 'id' is missing in type '{ code: string; purpose: string; expiresAt: Date; userId: string; }' but required in type 'OtpCodeUncheckedCreateInput'.
src/services/FightService.ts(136,9): error TS2322: Type '{ title: string; description: string | undefined; location: string; scheduledAt: Date; fighterAId: string; fighterBId: string; oddsA: number; oddsB: number; dayEventId: string | undefined; status: "SCHEDULED"; }' is not assignable to type '(Without<FightCreateInput, FightUncheckedCreateInput> & FightUncheckedCreateInput) | (Without<...> & FightCreateInput)'.
  Type '{ title: string; description: string | undefined; location: string; scheduledAt: Date; fighterAId: string; fighterBId: string; oddsA: number; oddsB: number; dayEventId: string | undefined; status: "SCHEDULED"; }' is not assignable to type 'Without<FightCreateInput, FightUncheckedCreateInput> & FightUncheckedCreateInput'.
    Type '{ title: string; description: string | undefined; location: string; scheduledAt: Date; fighterAId: string; fighterBId: string; oddsA: number; oddsB: number; dayEventId: string | undefined; status: "SCHEDULED"; }' is missing the following properties from type 'FightUncheckedCreateInput': id, updatedAt
src/services/FightService.ts(149,11): error TS2353: Object literal may only specify known properties, and 'fighterA' does not exist in type 'FightInclude<DefaultArgs>'.
src/services/FightService.ts(167,11): error TS2353: Object literal may only specify known properties, and 'fighterA' does not exist in type 'FightInclude<DefaultArgs>'.
src/services/FightService.ts(251,17): error TS2561: Object literal may only specify known properties, but 'bets' does not exist in type 'FightCountOutputTypeSelect<DefaultArgs>'. Did you mean to write 'Bet'?
src/services/FightService.ts(289,15): error TS2561: Object literal may only specify known properties, but 'bets' does not exist in type 'FightCountOutputTypeSelect<DefaultArgs>'. Did you mean to write 'Bet'?
src/services/FightService.ts(317,15): error TS2561: Object literal may only specify known properties, but 'bets' does not exist in type 'FightCountOutputTypeSelect<DefaultArgs>'. Did you mean to write 'Bet'?
src/services/FightService.ts(323,11): error TS2353: Object literal may only specify known properties, and 'bets' does not exist in type 'FightOrderByWithRelationInput | FightOrderByWithRelationInput[]'.
src/services/FightService.ts(339,11): error TS2353: Object literal may only specify known properties, and 'fighterA' does not exist in type 'FightInclude<DefaultArgs>'.
src/services/FightService.ts(373,11): error TS2353: Object literal may only specify known properties, and 'fighterA' does not exist in type 'FightInclude<DefaultArgs>'.
src/services/FightService.ts(386,75): error TS2551: Property 'fighterA' does not exist on type '{ id: string; createdAt: Date; updatedAt: Date; status: FightStatus; title: string; description: string | null; location: string; scheduledAt: Date; startedAt: Date | null; ... 16 more ...; winner: Winner | null; }'. Did you mean 'fighterAId'?
src/services/FightService.ts(386,101): error TS2551: Property 'fighterB' does not exist on type '{ id: string; createdAt: Date; updatedAt: Date; status: FightStatus; title: string; description: string | null; location: string; scheduledAt: Date; startedAt: Date | null; ... 16 more ...; winner: Winner | null; }'. Did you mean 'fighterBId'?
src/services/FightService.ts(394,24): error TS2353: Object literal may only specify known properties, and 'creator' does not exist in type 'BetInclude<DefaultArgs>'.
src/services/FightService.ts(485,11): error TS2353: Object literal may only specify known properties, and 'fighterA' does not exist in type 'FightInclude<DefaultArgs>'.
src/services/FightService.ts(499,17): error TS2339: Property 'result' does not exist on type '{ id: string; createdAt: Date; updatedAt: Date; status: FightStatus; title: string; description: string | null; location: string; scheduledAt: Date; startedAt: Date | null; ... 16 more ...; winner: Winner | null; }'.
src/services/FightService.ts(506,11): error TS2322: Type '{ fightId: string; winner: Winner; victoryMethod: string | undefined; round: number | undefined; duration: number | null; notes: string | undefined; validatedAt: Date; adminId: string; }' is not assignable to type '(Without<FightResultCreateInput, FightResultUncheckedCreateInput> & FightResultUncheckedCreateInput) | (Without<...> & FightResultCreateInput)'.
  Type '{ fightId: string; winner: Winner; victoryMethod: string | undefined; round: number | undefined; duration: number | null; notes: string | undefined; validatedAt: Date; adminId: string; }' is not assignable to type 'Without<FightResultCreateInput, FightResultUncheckedCreateInput> & FightResultUncheckedCreateInput'.
    Property 'id' is missing in type '{ fightId: string; winner: Winner; victoryMethod: string | undefined; round: number | undefined; duration: number | null; notes: string | undefined; validatedAt: Date; adminId: string; }' but required in type 'FightResultUncheckedCreateInput'.
src/services/FightService.ts(529,11): error TS2353: Object literal may only specify known properties, and 'creator' does not exist in type 'BetInclude<DefaultArgs>'.
src/services/FightService.ts(566,11): error TS2353: Object literal may only specify known properties, and 'creator' does not exist in type 'BetInclude<DefaultArgs>'.
src/services/FightService.ts(653,11): error TS2322: Type '{ type: "BET_REFUND"; amount: bigint; userId: any; status: "CONFIRMED"; notes: string; }' is not assignable to type '(Without<TransactionCreateInput, TransactionUncheckedCreateInput> & TransactionUncheckedCreateInput) | (Without<...> & TransactionCreateInput)'.
  Type '{ type: "BET_REFUND"; amount: bigint; userId: any; status: "CONFIRMED"; notes: string; }' is not assignable to type 'Without<TransactionUncheckedCreateInput, TransactionCreateInput> & TransactionCreateInput'.
    Type '{ type: "BET_REFUND"; amount: bigint; userId: any; status: "CONFIRMED"; notes: string; }' is missing the following properties from type 'TransactionCreateInput': id, internalRef, User
src/services/FightService.ts(664,11): error TS2322: Type '{ userId: any; type: any; title: string; message: string; }' is not assignable to type '(Without<NotificationCreateInput, NotificationUncheckedCreateInput> & NotificationUncheckedCreateInput) | (Without<...> & NotificationCreateInput)'.
  Type '{ userId: any; type: any; title: string; message: string; }' is not assignable to type 'Without<NotificationUncheckedCreateInput, NotificationCreateInput> & NotificationCreateInput'.
    Type '{ userId: any; type: any; title: string; message: string; }' is missing the following properties from type 'NotificationCreateInput': id, User
src/services/FightService.ts(715,9): error TS2322: Type '{ type: "BET_REFUND"; amount: bigint; userId: any; status: "CONFIRMED"; notes: string; }' is not assignable to type '(Without<TransactionCreateInput, TransactionUncheckedCreateInput> & TransactionUncheckedCreateInput) | (Without<...> & TransactionCreateInput)'.
  Type '{ type: "BET_REFUND"; amount: bigint; userId: any; status: "CONFIRMED"; notes: string; }' is not assignable to type 'Without<TransactionUncheckedCreateInput, TransactionCreateInput> & TransactionCreateInput'.
    Type '{ type: "BET_REFUND"; amount: bigint; userId: any; status: "CONFIRMED"; notes: string; }' is missing the following properties from type 'TransactionCreateInput': id, internalRef, User
src/services/FightService.ts(735,11): error TS2322: Type '{ type: "BET_REFUND"; amount: bigint; userId: any; status: "CONFIRMED"; notes: string; }' is not assignable to type '(Without<TransactionCreateInput, TransactionUncheckedCreateInput> & TransactionUncheckedCreateInput) | (Without<...> & TransactionCreateInput)'.
  Type '{ type: "BET_REFUND"; amount: bigint; userId: any; status: "CONFIRMED"; notes: string; }' is not assignable to type 'Without<TransactionUncheckedCreateInput, TransactionCreateInput> & TransactionCreateInput'.
    Type '{ type: "BET_REFUND"; amount: bigint; userId: any; status: "CONFIRMED"; notes: string; }' is missing the following properties from type 'TransactionCreateInput': id, internalRef, User
src/services/FightService.ts(879,9): error TS2322: Type '{ type: "BET_WIN"; amount: bigint; userId: any; status: "CONFIRMED"; notes: string; }' is not assignable to type '(Without<TransactionCreateInput, TransactionUncheckedCreateInput> & TransactionUncheckedCreateInput) | (Without<...> & TransactionCreateInput)'.
  Type '{ type: "BET_WIN"; amount: bigint; userId: any; status: "CONFIRMED"; notes: string; }' is not assignable to type 'Without<TransactionUncheckedCreateInput, TransactionCreateInput> & TransactionCreateInput'.
    Type '{ type: "BET_WIN"; amount: bigint; userId: any; status: "CONFIRMED"; notes: string; }' is missing the following properties from type 'TransactionCreateInput': id, internalRef, User
src/services/FightService.ts(891,9): error TS2322: Type '{ betId: any; amount: bigint; type: "BET"; percentage: number; transactionId: string; }' is not assignable to type '(Without<CommissionCreateInput, CommissionUncheckedCreateInput> & CommissionUncheckedCreateInput) | (Without<...> & CommissionCreateInput)'.
  Type '{ betId: any; amount: bigint; type: "BET"; percentage: number; transactionId: string; }' is not assignable to type 'Without<CommissionCreateInput, CommissionUncheckedCreateInput> & CommissionUncheckedCreateInput'.
    Property 'id' is missing in type '{ betId: any; amount: bigint; type: "BET"; percentage: number; transactionId: string; }' but required in type 'CommissionUncheckedCreateInput'.
src/services/FightService.ts(903,9): error TS2322: Type '{ userId: any; betId: any; amount: bigint; netAmount: bigint; commission: bigint; transactionId: string; }' is not assignable to type '(Without<WinningCreateInput, WinningUncheckedCreateInput> & WinningUncheckedCreateInput) | (Without<...> & WinningCreateInput)'.
  Type '{ userId: any; betId: any; amount: bigint; netAmount: bigint; commission: bigint; transactionId: string; }' is not assignable to type 'Without<WinningCreateInput, WinningUncheckedCreateInput> & WinningUncheckedCreateInput'.
    Property 'id' is missing in type '{ userId: any; betId: any; amount: bigint; netAmount: bigint; commission: bigint; transactionId: string; }' but required in type 'WinningUncheckedCreateInput'.
src/services/FightService.ts(1001,11): error TS2353: Object literal may only specify known properties, and 'fighterA' does not exist in type 'FightInclude<DefaultArgs>'.
src/services/FightService.ts(1073,9): error TS2322: Type '{ title: string; slug: string; date: Date; location: string; description: string | undefined; bannerImage: string | undefined; status: "SCHEDULED"; isFeatured: boolean; }' is not assignable to type '(Without<DayEventCreateInput, DayEventUncheckedCreateInput> & DayEventUncheckedCreateInput) | (Without<...> & DayEventCreateInput)'.
  Type '{ title: string; slug: string; date: Date; location: string; description: string | undefined; bannerImage: string | undefined; status: "SCHEDULED"; isFeatured: boolean; }' is not assignable to type 'Without<DayEventUncheckedCreateInput, DayEventCreateInput> & DayEventCreateInput'.
    Type '{ title: string; slug: string; date: Date; location: string; description: string | undefined; bannerImage: string | undefined; status: "SCHEDULED"; isFeatured: boolean; }' is missing the following properties from type 'DayEventCreateInput': id, updatedAt
src/services/FightService.ts(1096,13): error TS2322: Type '{ dayEventId: string; fighterAId: string; fighterBId: string; title: string; location: string; order: number; scheduledAt: Date; status: "SCHEDULED"; }' is not assignable to type '(Without<FightCreateInput, FightUncheckedCreateInput> & FightUncheckedCreateInput) | (Without<...> & FightCreateInput)'.
  Type '{ dayEventId: string; fighterAId: string; fighterBId: string; title: string; location: string; order: number; scheduledAt: Date; status: "SCHEDULED"; }' is not assignable to type 'Without<FightCreateInput, FightUncheckedCreateInput> & FightUncheckedCreateInput'.
    Type '{ dayEventId: string; fighterAId: string; fighterBId: string; title: string; location: string; order: number; scheduledAt: Date; status: "SCHEDULED"; }' is missing the following properties from type 'FightUncheckedCreateInput': id, updatedAt
src/services/FightService.ts(1107,15): error TS2353: Object literal may only specify known properties, and 'fighterA' does not exist in type 'FightInclude<DefaultArgs>'.
src/services/FightService.ts(1129,11): error TS2561: Object literal may only specify known properties, but 'fights' does not exist in type 'DayEventInclude<DefaultArgs>'. Did you mean to write 'Fight'?
src/services/FightService.ts(1192,17): error TS2561: Object literal may only specify known properties, but 'fights' does not exist in type 'DayEventCountOutputTypeSelect<DefaultArgs>'. Did you mean to write 'Fight'?
src/services/FightService.ts(1225,11): error TS2561: Object literal may only specify known properties, but 'fights' does not exist in type 'DayEventInclude<DefaultArgs>'. Did you mean to write 'Fight'?
src/services/FightService.ts(1259,11): error TS2561: Object literal may only specify known properties, but 'fights' does not exist in type 'DayEventInclude<DefaultArgs>'. Did you mean to write 'Fight'?
src/services/FightService.ts(1309,11): error TS2561: Object literal may only specify known properties, but 'fights' does not exist in type 'DayEventInclude<DefaultArgs>'. Did you mean to write 'Fight'?
src/services/FightService.ts(1332,11): error TS2561: Object literal may only specify known properties, but 'fights' does not exist in type 'DayEventInclude<DefaultArgs>'. Did you mean to write 'Fight'?
src/services/FightService.ts(1352,36): error TS2339: Property 'fights' does not exist on type '{ id: string; createdAt: Date; updatedAt: Date; date: Date; status: EventStatus; title: string; description: string | null; location: string; totalBets: number; ... 14 more ...; createdById: string | null; }'.
src/services/FightService.ts(1382,15): error TS2561: Object literal may only specify known properties, but 'dayEvent' does not exist in type 'FightWhereInput'. Did you mean to write 'DayEvent'?
src/services/FightService.ts(1389,11): error TS2561: Object literal may only specify known properties, but 'bets' does not exist in type 'FightInclude<DefaultArgs>'. Did you mean to write 'Bet'?
src/services/FightService.ts(1399,11): error TS2322: Type '{ fightId: string; winner: "DRAW"; victoryMethod: string; notes: string; validatedAt: Date; adminId: string; }' is not assignable to type '(Without<FightResultCreateInput, FightResultUncheckedCreateInput> & FightResultUncheckedCreateInput) | (Without<...> & FightResultCreateInput)'.
  Type '{ fightId: string; winner: "DRAW"; victoryMethod: string; notes: string; validatedAt: Date; adminId: string; }' is not assignable to type 'Without<FightResultCreateInput, FightResultUncheckedCreateInput> & FightResultUncheckedCreateInput'.
    Property 'id' is missing in type '{ fightId: string; winner: "DRAW"; victoryMethod: string; notes: string; validatedAt: Date; adminId: string; }' but required in type 'FightResultUncheckedCreateInput'.
src/services/FightService.ts(1409,33): error TS2339: Property 'bets' does not exist on type '{ id: string; createdAt: Date; updatedAt: Date; status: FightStatus; title: string; description: string | null; location: string; scheduledAt: Date; startedAt: Date | null; ... 16 more ...; winner: Winner | null; }'.
src/services/FightService.ts(1479,11): error TS2322: Type '{ userId: string; type: any; title: string; message: string; }' is not assignable to type '(Without<NotificationCreateInput, NotificationUncheckedCreateInput> & NotificationUncheckedCreateInput) | (Without<...> & NotificationCreateInput)'.
  Type '{ userId: string; type: any; title: string; message: string; }' is not assignable to type 'Without<NotificationCreateInput, NotificationUncheckedCreateInput> & NotificationUncheckedCreateInput'.
    Property 'id' is missing in type '{ userId: string; type: any; title: string; message: string; }' but required in type 'NotificationUncheckedCreateInput'.
src/services/FighterService.ts(114,9): error TS2322: Type '{ name: string; nickname: string | undefined; stable: string | undefined; birthDate: Date | undefined; birthPlace: string | undefined; nationality: string; weight: number | undefined; height: number | undefined; profileImage: string | undefined; status: "ACTIVE"; }' is not assignable to type '(Without<FighterCreateInput, FighterUncheckedCreateInput> & FighterUncheckedCreateInput) | (Without<...> & FighterCreateInput)'.
  Type '{ name: string; nickname: string | undefined; stable: string | undefined; birthDate: Date | undefined; birthPlace: string | undefined; nationality: string; weight: number | undefined; height: number | undefined; profileImage: string | undefined; status: "ACTIVE"; }' is not assignable to type 'Without<FighterUncheckedCreateInput, FighterCreateInput> & FighterCreateInput'.
    Type '{ name: string; nickname: string | undefined; stable: string | undefined; birthDate: Date | undefined; birthPlace: string | undefined; nationality: string; weight: number | undefined; height: number | undefined; profileImage: string | undefined; status: "ACTIVE"; }' is missing the following properties from type 'FighterCreateInput': id, updatedAt
src/services/FighterService.ts(141,11): error TS2353: Object literal may only specify known properties, and 'fightsAsA' does not exist in type 'FighterInclude<DefaultArgs>'.
src/services/MultiDeviceAuthService.ts(82,13): error TS2322: Type '{ userId: string; deviceType: any; deviceName: any; deviceId: string; ipAddress: string | undefined; userAgent: string | undefined; status: "PENDING_VERIFICATION"; isVerified: false; refreshToken: string; expiresAt: Date; }' is not assignable to type '(Without<SessionCreateInput, SessionUncheckedCreateInput> & SessionUncheckedCreateInput) | (Without<...> & SessionCreateInput)'.
  Type '{ userId: string; deviceType: any; deviceName: any; deviceId: string; ipAddress: string | undefined; userAgent: string | undefined; status: "PENDING_VERIFICATION"; isVerified: false; refreshToken: string; expiresAt: Date; }' is not assignable to type 'Without<SessionCreateInput, SessionUncheckedCreateInput> & SessionUncheckedCreateInput'.
    Type '{ userId: string; deviceType: any; deviceName: any; deviceId: string; ipAddress: string | undefined; userAgent: string | undefined; status: "PENDING_VERIFICATION"; isVerified: false; refreshToken: string; expiresAt: Date; }' is missing the following properties from type 'SessionUncheckedCreateInput': id, updatedAt
src/services/MultiDeviceAuthService.ts(100,13): error TS2322: Type '{ userId: string; sessionId: string; code: string; purpose: string; expiresAt: Date; ipAddress: string | undefined; }' is not assignable to type '(Without<OtpCodeCreateInput, OtpCodeUncheckedCreateInput> & OtpCodeUncheckedCreateInput) | (Without<...> & OtpCodeCreateInput)'.
  Type '{ userId: string; sessionId: string; code: string; purpose: string; expiresAt: Date; ipAddress: string | undefined; }' is not assignable to type 'Without<OtpCodeCreateInput, OtpCodeUncheckedCreateInput> & OtpCodeUncheckedCreateInput'.
    Property 'id' is missing in type '{ userId: string; sessionId: string; code: string; purpose: string; expiresAt: Date; ipAddress: string | undefined; }' but required in type 'OtpCodeUncheckedCreateInput'.
src/services/MultiDeviceAuthService.ts(133,24): error TS2561: Object literal may only specify known properties, but 'session' does not exist in type 'OtpCodeInclude<DefaultArgs>'. Did you mean to write 'Session'?
src/services/MultiDeviceAuthService.ts(249,24): error TS2561: Object literal may only specify known properties, but 'user' does not exist in type 'SessionInclude<DefaultArgs>'. Did you mean to write 'User'?
src/services/MultiDeviceAuthService.ts(270,13): error TS2322: Type '{ userId: string; sessionId: string; code: string; purpose: string; expiresAt: Date; }' is not assignable to type '(Without<OtpCodeCreateInput, OtpCodeUncheckedCreateInput> & OtpCodeUncheckedCreateInput) | (Without<...> & OtpCodeCreateInput)'.
  Type '{ userId: string; sessionId: string; code: string; purpose: string; expiresAt: Date; }' is not assignable to type 'Without<OtpCodeCreateInput, OtpCodeUncheckedCreateInput> & OtpCodeUncheckedCreateInput'.
    Property 'id' is missing in type '{ userId: string; sessionId: string; code: string; purpose: string; expiresAt: Date; }' but required in type 'OtpCodeUncheckedCreateInput'.
src/services/MultiDeviceAuthService.ts(287,21): error TS2339: Property 'user' does not exist on type '{ userId: string; id: string; createdAt: Date; updatedAt: Date; status: SessionStatus; ipAddress: string | null; userAgent: string | null; expiresAt: Date; ... 5 more ...; isVerified: boolean; }'.
src/services/MultiDeviceAuthService.ts(288,21): error TS2339: Property 'user' does not exist on type '{ userId: string; id: string; createdAt: Date; updatedAt: Date; status: SessionStatus; ipAddress: string | null; userAgent: string | null; expiresAt: Date; ... 5 more ...; isVerified: boolean; }'.
src/services/NotificationService.ts(28,9): error TS2322: Type '{ userId: string; type: $Enums.NotificationType; title: string; message: string; data: any; }' is not assignable to type '(Without<NotificationCreateInput, NotificationUncheckedCreateInput> & NotificationUncheckedCreateInput) | (Without<...> & NotificationCreateInput)'.
  Type '{ userId: string; type: $Enums.NotificationType; title: string; message: string; data: any; }' is not assignable to type 'Without<NotificationCreateInput, NotificationUncheckedCreateInput> & NotificationUncheckedCreateInput'.
    Property 'id' is missing in type '{ userId: string; type: $Enums.NotificationType; title: string; message: string; data: any; }' but required in type 'NotificationUncheckedCreateInput'.
src/services/NotificationService.ts(65,9): error TS2322: Type '{ userId: string; type: $Enums.NotificationType; title: string; message: string; data: any; }' is not assignable to type '(Without<NotificationCreateInput, NotificationUncheckedCreateInput> & NotificationUncheckedCreateInput) | (Without<...> & NotificationCreateInput)'.
  Type '{ userId: string; type: $Enums.NotificationType; title: string; message: string; data: any; }' is not assignable to type 'Without<NotificationCreateInput, NotificationUncheckedCreateInput> & NotificationUncheckedCreateInput'.
    Property 'id' is missing in type '{ userId: string; type: $Enums.NotificationType; title: string; message: string; data: any; }' but required in type 'NotificationUncheckedCreateInput'.
src/services/TransactionService.ts(16,18): error TS2561: Object literal may only specify known properties, but 'wallet' does not exist in type 'UserInclude<DefaultArgs>'. Did you mean to write 'Wallet'?
src/services/TransactionService.ts(19,24): error TS2339: Property 'wallet' does not exist on type '{ email: string | null; password: string; name: string; phone: string; id: string; role: UserRole; createdAt: Date; lastLogin: Date | null; updatedAt: Date; isActive: boolean; ... 9 more ...; maxBetPerFight: bigint | null; }'.
src/services/TransactionService.ts(23,44): error TS2339: Property 'wallet' does not exist on type '{ email: string | null; password: string; name: string; phone: string; id: string; role: UserRole; createdAt: Date; lastLogin: Date | null; updatedAt: Date; isActive: boolean; ... 9 more ...; maxBetPerFight: bigint | null; }'.
src/services/TransactionService.ts(28,7): error TS2322: Type '{ type: "DEPOSIT" | "WITHDRAWAL" | "BET_PLACED" | "BET_WIN" | "BET_REFUND" | "COMMISSION" | "BONUS" | "PENALTY"; amount: bigint; userId: string; provider: any; notes: string | undefined; }' is not assignable to type '(Without<TransactionCreateInput, TransactionUncheckedCreateInput> & TransactionUncheckedCreateInput) | (Without<...> & TransactionCreateInput)'.
  Type '{ type: "DEPOSIT" | "WITHDRAWAL" | "BET_PLACED" | "BET_WIN" | "BET_REFUND" | "COMMISSION" | "BONUS" | "PENALTY"; amount: bigint; userId: string; provider: any; notes: string | undefined; }' is not assignable to type 'Without<TransactionCreateInput, TransactionUncheckedCreateInput> & TransactionUncheckedCreateInput'.
    Type '{ type: "DEPOSIT" | "WITHDRAWAL" | "BET_PLACED" | "BET_WIN" | "BET_REFUND" | "COMMISSION" | "BONUS" | "PENALTY"; amount: bigint; userId: string; provider: any; notes: string | undefined; }' is missing the following properties from type 'TransactionUncheckedCreateInput': id, internalRef
src/services/TransactionService.ts(84,18): error TS2561: Object literal may only specify known properties, but 'wallet' does not exist in type 'UserInclude<DefaultArgs>'. Did you mean to write 'Wallet'?
src/services/TransactionService.ts(87,24): error TS2339: Property 'wallet' does not exist on type '{ email: string | null; password: string; name: string; phone: string; id: string; role: UserRole; createdAt: Date; lastLogin: Date | null; updatedAt: Date; isActive: boolean; ... 9 more ...; maxBetPerFight: bigint | null; }'.
src/services/TransactionService.ts(122,7): error TS2322: Type '{ type: "DEPOSIT"; amount: bigint; userId: string; provider: any; status: "PENDING"; notes: string; }' is not assignable to type '(Without<TransactionCreateInput, TransactionUncheckedCreateInput> & TransactionUncheckedCreateInput) | (Without<...> & TransactionCreateInput)'.
  Type '{ type: "DEPOSIT"; amount: bigint; userId: string; provider: any; status: "PENDING"; notes: string; }' is not assignable to type 'Without<TransactionCreateInput, TransactionUncheckedCreateInput> & TransactionUncheckedCreateInput'.
    Type '{ type: "DEPOSIT"; amount: bigint; userId: string; provider: any; status: "PENDING"; notes: string; }' is missing the following properties from type 'TransactionUncheckedCreateInput': id, internalRef
src/services/TransactionService.ts(250,18): error TS2561: Object literal may only specify known properties, but 'wallet' does not exist in type 'UserInclude<DefaultArgs>'. Did you mean to write 'Wallet'?
src/services/TransactionService.ts(253,24): error TS2339: Property 'wallet' does not exist on type '{ email: string | null; password: string; name: string; phone: string; id: string; role: UserRole; createdAt: Date; lastLogin: Date | null; updatedAt: Date; isActive: boolean; ... 9 more ...; maxBetPerFight: bigint | null; }'.
src/services/TransactionService.ts(257,14): error TS2339: Property 'wallet' does not exist on type '{ email: string | null; password: string; name: string; phone: string; id: string; role: UserRole; createdAt: Date; lastLogin: Date | null; updatedAt: Date; isActive: boolean; ... 9 more ...; maxBetPerFight: bigint | null; }'.
src/services/TransactionService.ts(293,7): error TS2322: Type '{ type: "WITHDRAWAL"; amount: bigint; userId: string; provider: any; status: "PENDING"; notes: string; }' is not assignable to type '(Without<TransactionCreateInput, TransactionUncheckedCreateInput> & TransactionUncheckedCreateInput) | (Without<...> & TransactionCreateInput)'.
  Type '{ type: "WITHDRAWAL"; amount: bigint; userId: string; provider: any; status: "PENDING"; notes: string; }' is not assignable to type 'Without<TransactionCreateInput, TransactionUncheckedCreateInput> & TransactionUncheckedCreateInput'.
    Type '{ type: "WITHDRAWAL"; amount: bigint; userId: string; provider: any; status: "PENDING"; notes: string; }' is missing the following properties from type 'TransactionUncheckedCreateInput': id, internalRef
src/services/TransactionService.ts(525,9): error TS2561: Object literal may only specify known properties, but 'user' does not exist in type 'TransactionInclude<DefaultArgs>'. Did you mean to write 'User'?
src/services/UserSettingsService.ts(19,21): error TS2561: Object literal may only specify known properties, but 'userProfile' does not exist in type 'UserInclude<DefaultArgs>'. Did you mean to write 'UserProfile'?
src/services/UserSettingsService.ts(30,41): error TS2339: Property 'userProfile' does not exist on type '{ email: string | null; password: string; name: string; phone: string; id: string; role: UserRole; createdAt: Date; lastLogin: Date | null; updatedAt: Date; isActive: boolean; ... 9 more ...; maxBetPerFight: bigint | null; }'.
src/services/UserSettingsService.ts(31,42): error TS2339: Property 'userProfile' does not exist on type '{ email: string | null; password: string; name: string; phone: string; id: string; role: UserRole; createdAt: Date; lastLogin: Date | null; updatedAt: Date; isActive: boolean; ... 9 more ...; maxBetPerFight: bigint | null; }'.
src/services/UserSettingsService.ts(38,32): error TS2339: Property 'userProfile' does not exist on type '{ email: string | null; password: string; name: string; phone: string; id: string; role: UserRole; createdAt: Date; lastLogin: Date | null; updatedAt: Date; isActive: boolean; ... 9 more ...; maxBetPerFight: bigint | null; }'.
src/services/UserSettingsService.ts(47,45): error TS2339: Property 'userProfile' does not exist on type '{ email: string | null; password: string; name: string; phone: string; id: string; role: UserRole; createdAt: Date; lastLogin: Date | null; updatedAt: Date; isActive: boolean; ... 9 more ...; maxBetPerFight: bigint | null; }'.
src/services/UserSettingsService.ts(48,38): error TS2339: Property 'userProfile' does not exist on type '{ email: string | null; password: string; name: string; phone: string; id: string; role: UserRole; createdAt: Date; lastLogin: Date | null; updatedAt: Date; isActive: boolean; ... 9 more ...; maxBetPerFight: bigint | null; }'.
src/services/WinningsDistributionService.ts(114,29): error TS2322: Type '{ type: "BET_WIN" | "BET_REFUND"; amount: bigint; userId: string; status: "CONFIRMED"; notes: string; }' is not assignable to type '(Without<TransactionCreateInput, TransactionUncheckedCreateInput> & TransactionUncheckedCreateInput) | (Without<...> & TransactionCreateInput)'.
  Type '{ type: "BET_WIN" | "BET_REFUND"; amount: bigint; userId: string; status: "CONFIRMED"; notes: string; }' is not assignable to type 'Without<TransactionCreateInput, TransactionUncheckedCreateInput> & TransactionUncheckedCreateInput'.
    Type '{ type: "BET_WIN" | "BET_REFUND"; amount: bigint; userId: string; status: "CONFIRMED"; notes: string; }' is missing the following properties from type 'TransactionUncheckedCreateInput': id, internalRef
src/services/WinningsDistributionService.ts(136,25): error TS2322: Type '{ type: "COMMISSION"; amount: bigint; userId: string; status: "CONFIRMED"; notes: string; }' is not assignable to type '(Without<TransactionCreateInput, TransactionUncheckedCreateInput> & TransactionUncheckedCreateInput) | (Without<...> & TransactionCreateInput)'.
  Type '{ type: "COMMISSION"; amount: bigint; userId: string; status: "CONFIRMED"; notes: string; }' is not assignable to type 'Without<TransactionCreateInput, TransactionUncheckedCreateInput> & TransactionUncheckedCreateInput'.
    Type '{ type: "COMMISSION"; amount: bigint; userId: string; status: "CONFIRMED"; notes: string; }' is missing the following properties from type 'TransactionUncheckedCreateInput': id, internalRef
src/services/WinningsDistributionService.ts(146,25): error TS2322: Type '{ type: "BET"; fightId: string; amount: bigint; percentage: number; transactionId: string; }' is not assignable to type '(Without<CommissionCreateInput, CommissionUncheckedCreateInput> & CommissionUncheckedCreateInput) | (Without<...> & CommissionCreateInput)'.
  Type '{ type: "BET"; fightId: string; amount: bigint; percentage: number; transactionId: string; }' is not assignable to type 'Without<CommissionCreateInput, CommissionUncheckedCreateInput> & CommissionUncheckedCreateInput'.
    Property 'id' is missing in type '{ type: "BET"; fightId: string; amount: bigint; percentage: number; transactionId: string; }' but required in type 'CommissionUncheckedCreateInput'.
src/services/WinningsDistributionService.ts(411,17): error TS2561: Object literal may only specify known properties, but 'fight' does not exist in type 'CommissionInclude<DefaultArgs>'. Did you mean to write 'Fight'?
src/services/audit.service.ts(21,9): error TS2322: Type '{ action: string; table: string; recordId: string | null; oldData: any; newData: any; userId: string | null; ipAddress: string | null; userAgent: string | null; }' is not assignable to type '(Without<AuditLogCreateInput, AuditLogUncheckedCreateInput> & AuditLogUncheckedCreateInput) | (Without<...> & AuditLogCreateInput)'.
  Type '{ action: string; table: string; recordId: string | null; oldData: any; newData: any; userId: string | null; ipAddress: string | null; userAgent: string | null; }' is not assignable to type 'Without<AuditLogCreateInput, AuditLogUncheckedCreateInput> & AuditLogUncheckedCreateInput'.
    Property 'id' is missing in type '{ action: string; table: string; recordId: string | null; oldData: any; newData: any; userId: string | null; ipAddress: string | null; userAgent: string | null; }' but required in type 'AuditLogUncheckedCreateInput'.
src/services/audit.service.ts(55,20): error TS2561: Object literal may only specify known properties, but 'user' does not exist in type 'AuditLogInclude<DefaultArgs>'. Did you mean to write 'User'?
src/services/audit.service.ts(84,20): error TS2561: Object literal may only specify known properties, but 'user' does not exist in type 'AuditLogInclude<DefaultArgs>'. Did you mean to write 'User'?
